[2026-09-15 15:10:22] Deploying container: payments-service:v2.3.1
[2026-09-15 15:10:22] Container started: c8f3e91a4b2d
[2026-09-15 15:10:23] > payments-service@2.3.1 start
[2026-09-15 15:10:23] > node dist/server.js
[2026-09-15 15:10:23]
[2026-09-15 15:10:24] /app/dist/server.js:14
[2026-09-15 15:10:24] const stripeClient = new Stripe(process.env.STRIPE_SECRET_KEY, { apiVersion: '2024-06-20' });
[2026-09-15 15:10:24]                                                                  ^
[2026-09-15 15:10:24]
[2026-09-15 15:10:24] Error: Neither apiKey nor config.authenticator provided
[2026-09-15 15:10:24]     at new Stripe (/app/node_modules/stripe/cjs/stripe.core.js:88:13)
[2026-09-15 15:10:24]     at Object.<anonymous> (/app/dist/server.js:14:24)
[2026-09-15 15:10:24]     at Module._compile (node:internal/modules/cjs/loader:1256:14)
[2026-09-15 15:10:24]     at Module._extensions..js (node:internal/modules/cjs/loader:1310:10)
[2026-09-15 15:10:24]     at Module.load (node:internal/modules/cjs/loader:1119:32)
[2026-09-15 15:10:24]     at Module._load (node:internal/modules/cjs/loader:960:12)
[2026-09-15 15:10:24]     at Function.executeUserEntryPoint [as runMain] (node:internal/modules/run_main:81:12)
[2026-09-15 15:10:24]     at node:internal/main/run_main_module:23:47
[2026-09-15 15:10:24]
[2026-09-15 15:10:24] Node.js v18.19.0
[2026-09-15 15:10:24] Container c8f3e91a4b2d exited with code 1
[2026-09-15 15:10:24] Restart policy: on-failure, attempt 1/3
[2026-09-15 15:10:27] Container c8f3e91a4b2d exited with code 1
[2026-09-15 15:10:27] Restart policy: on-failure, attempt 2/3
[2026-09-15 15:10:33] Container c8f3e91a4b2d exited with code 1
[2026-09-15 15:10:33] Restart policy: on-failure, attempt 3/3
[2026-09-15 15:10:33] Container c8f3e91a4b2d marked as CrashLoopBackOff
[2026-09-15 15:10:33] Deployment failed for service: payments-service
